// Jest Snapshot v1, https://goo.gl/fbAQLP

exports[`Notes it should display note date like "2020-10-12" 1`] = `
<div>
  <div
    class="pagination"
  >
    <button
      class="btn-prev"
      disabled=""
    >
      &lt;&lt;
    </button>
    <button
      class="btn-next"
      disabled=""
    >
      &gt;&gt;
    </button>
  </div>
  <div
    id="daily-notes"
  >
    <h2>
      Notes for 
      1
       
    </h2>
    <div
      class="note-full"
    >
      <h3>
        <a
          href="http://localhost/notes/2020-10-12"
        >
          2020-10-12 14:30
        </a>
      </h3>
      <h4>
        undefined
      </h4>
      <h4
        class="note-tags"
      />
      <div
        class="note-content"
      >
        <p>
          content
        </p>
      </div>
    </div>
  </div>
</div>
`;
